// Jest Snapshot v1, https://goo.gl/fbAQLP

exports[`ConversionResults renders correctly 1`] = `
<View>
  <Text
    style={
      {
        "backgroundColor": "white",
        "fontSize": 30,
        "height": 75,
        "marginBottom": 10,
        "marginLeft": 60,
        "marginTop": 60,
        "padding": 18,
        "textAlign": "center",
        "width": 250,
      }
    }
  >
     
    hh:mm:ss
     
  </Text>
  <Text
    style={
      {
        "marginBottom": 30,
        "textAlign": "center",
      }
    }
  >
     For 
    m 
  </Text>
  <RCTScrollView>
    <View>
      <View
        style={
          {
            "alignItems": "flex-end",
            "borderWidth": 1,
            "flexDirection": "row",
            "justifyContent": "space-between",
            "marginTop": 3,
            "padding": 10,
          }
        }
      >
        <Text
          style={
            {
              "color": "#4f603c",
            }
          }
        >
          400m
        </Text>
        <Text
          style={
            {
              "color": "#4f603c",
            }
          }
        >
          hh:mm:ss
        </Text>
      </View>
      <View
        style={
          {
            "alignItems": "flex-end",
            "borderWidth": 1,
            "flexDirection": "row",
            "justifyContent": "space-between",
            "marginTop": 3,
            "padding": 10,
          }
        }
      >
        <Text
          style={
            {
              "color": "#4f603c",
            }
          }
        >
          600m
        </Text>
        <Text
          style={
            {
              "color": "#4f603c",
            }
          }
        >
          hh:mm:ss
        </Text>
      </View>
      <View
        style={
          {
            "alignItems": "flex-end",
            "borderWidth": 1,
            "flexDirection": "row",
            "justifyContent": "space-between",
            "marginTop": 3,
            "padding": 10,
          }
        }
      >
        <Text
          style={
            {
              "color": "#4f603c",
            }
          }
        >
          800m
        </Text>
        <Text
          style={
            {
              "color": "#4f603c",
            }
          }
        >
          hh:mm:ss
        </Text>
      </View>
      <View
        style={
          {
            "alignItems": "flex-end",
            "borderWidth": 1,
            "flexDirection": "row",
            "justifyContent": "space-between",
            "marginTop": 3,
            "padding": 10,
          }
        }
      >
        <Text
          style={
            {
              "color": "#4f603c",
            }
          }
        >
          1000m
        </Text>
        <Text
          style={
            {
              "color": "#4f603c",
            }
          }
        >
          hh:mm:ss
        </Text>
      </View>
      <View
        style={
          {
            "alignItems": "flex-end",
            "borderWidth": 1,
            "flexDirection": "row",
            "justifyContent": "space-between",
            "marginTop": 3,
            "padding": 10,
          }
        }
      >
        <Text
          style={
            {
              "color": "#4f603c",
            }
          }
        >
          1200m
        </Text>
        <Text
          style={
            {
              "color": "#4f603c",
            }
          }
        >
          hh:mm:ss
        </Text>
      </View>
      <View
        style={
          {
            "alignItems": "flex-end",
            "borderWidth": 1,
            "flexDirection": "row",
            "justifyContent": "space-between",
            "marginTop": 3,
            "padding": 10,
          }
        }
      >
        <Text
          style={
            {
              "color": "#4f603c",
            }
          }
        >
          1600m
        </Text>
        <Text
          style={
            {
              "color": "#4f603c",
            }
          }
        >
          hh:mm:ss
        </Text>
      </View>
      <View
        style={
          {
            "alignItems": "flex-end",
            "borderWidth": 1,
            "flexDirection": "row",
            "justifyContent": "space-between",
            "marginTop": 3,
            "padding": 10,
          }
        }
      >
        <Text
          style={
            {
              "color": "#4f603c",
            }
          }
        >
          1609m (mile)
        </Text>
        <Text
          style={
            {
              "color": "#4f603c",
            }
          }
        >
          hh:mm:ss
        </Text>
      </View>
      <View
        style={
          {
            "alignItems": "flex-end",
            "borderWidth": 1,
            "flexDirection": "row",
            "justifyContent": "space-between",
            "marginTop": 3,
            "padding": 10,
          }
        }
      >
        <Text
          style={
            {
              "color": "#4f603c",
            }
          }
        >
          3000m
        </Text>
        <Text
          style={
            {
              "color": "#4f603c",
            }
          }
        >
          hh:mm:ss
        </Text>
      </View>
      <View
        style={
          {
            "alignItems": "flex-end",
            "borderWidth": 1,
            "flexDirection": "row",
            "justifyContent": "space-between",
            "marginTop": 3,
            "padding": 10,
          }
        }
      >
        <Text
          style={
            {
              "color": "#4f603c",
            }
          }
        >
          3200m
        </Text>
        <Text
          style={
            {
              "color": "#4f603c",
            }
          }
        >
          hh:mm:ss
        </Text>
      </View>
      <View
        style={
          {
            "alignItems": "flex-end",
            "borderWidth": 1,
            "flexDirection": "row",
            "justifyContent": "space-between",
            "marginTop": 3,
            "padding": 10,
          }
        }
      >
        <Text
          style={
            {
              "color": "#4f603c",
            }
          }
        >
          5000m
        </Text>
        <Text
          style={
            {
              "color": "#4f603c",
            }
          }
        >
          hh:mm:ss
        </Text>
      </View>
      <View
        style={
          {
            "alignItems": "flex-end",
            "borderWidth": 1,
            "flexDirection": "row",
            "justifyContent": "space-between",
            "marginTop": 3,
            "padding": 10,
          }
        }
      >
        <Text
          style={
            {
              "color": "#4f603c",
            }
          }
        >
          10000m
        </Text>
        <Text
          style={
            {
              "color": "#4f603c",
            }
          }
        >
          hh:mm:ss
        </Text>
      </View>
    </View>
  </RCTScrollView>
</View>
`;
