// Jest Snapshot v1, https://goo.gl/fbAQLP

exports[`ConvertMeterYardInfoEntry renders correctly 1`] = `
<View
  accessibilityState={
    {
      "busy": undefined,
      "checked": undefined,
      "disabled": undefined,
      "expanded": undefined,
      "selected": undefined,
    }
  }
  accessible={false}
  focusable={true}
  onClick={[Function]}
  onResponderGrant={[Function]}
  onResponderMove={[Function]}
  onResponderRelease={[Function]}
  onResponderTerminate={[Function]}
  onResponderTerminationRequest={[Function]}
  onStartShouldSetResponder={[Function]}
  style={
    {
      "alignItems": "center",
      "flex": 1,
      "paddingTop": 15,
    }
  }
>
  <View
    style={
      {
        "borderColor": "grey",
        "borderRadius": 10,
        "borderWidth": 1,
        "flexDirection": "row",
        "justifyContent": "space-between",
        "marginBottom": 20,
        "padding": 20,
        "width": "50%",
      }
    }
  >
    <TextInput
      keyboardType="number-pad"
      maxLength={2}
      onChangeText={[Function]}
      placeholder="MM"
      placeholderTextColor="grey"
      string={0}
      style={
        {
          "fontSize": 25,
        }
      }
    />
    <Text
      style={
        {
          "color": "grey",
          "fontSize": 25,
        }
      }
    >
      :
    </Text>
    <TextInput
      keyboardType="number-pad"
      maxLength={2}
      onChangeText={[Function]}
      placeholder="SS"
      placeholderTextColor="grey"
      string={0}
      style={
        {
          "fontSize": 25,
        }
      }
    />
    <Text
      style={
        {
          "color": "grey",
          "fontSize": 25,
        }
      }
    >
      .
    </Text>
    <TextInput
      keyboardType="number-pad"
      maxLength={2}
      onChangeText={[Function]}
      placeholder="TH"
      placeholderTextColor="grey"
      string={0}
      style={
        {
          "fontSize": 25,
        }
      }
    />
  </View>
  <TextInput
    onChangeText={[Function]}
    placeholder="Event (e.g., '50FR')"
    placeholderTextColor="grey"
    style={
      {
        "alignItems": "center",
        "borderBottomColor": "grey",
        "borderBottomWidth": 1,
        "height": 45,
        "justifyContent": "center",
        "margin": 15,
        "paddingLeft": 10,
        "width": "75%",
      }
    }
  />
  <TextInput
    maxLength={3}
    onChangeText={[Function]}
    placeholder="Original course (SCM, Y)"
    placeholderTextColor="grey"
    style={
      {
        "alignItems": "center",
        "borderBottomColor": "grey",
        "borderBottomWidth": 1,
        "height": 45,
        "justifyContent": "center",
        "margin": 15,
        "paddingLeft": 10,
        "width": "75%",
      }
    }
  />
  <TextInput
    maxLength={3}
    onChangeText={[Function]}
    placeholder="Desired course (SCM, Y)"
    placeholderTextColor="grey"
    style={
      {
        "alignItems": "center",
        "borderBottomColor": "grey",
        "borderBottomWidth": 1,
        "height": 45,
        "justifyContent": "center",
        "margin": 15,
        "paddingLeft": 10,
        "width": "75%",
      }
    }
  />
  <View
    accessibilityState={
      {
        "busy": undefined,
        "checked": undefined,
        "disabled": undefined,
        "expanded": undefined,
        "selected": undefined,
      }
    }
    accessibilityValue={
      {
        "max": undefined,
        "min": undefined,
        "now": undefined,
        "text": undefined,
      }
    }
    accessible={true}
    collapsable={false}
    focusable={true}
    onClick={[Function]}
    onResponderGrant={[Function]}
    onResponderMove={[Function]}
    onResponderRelease={[Function]}
    onResponderTerminate={[Function]}
    onResponderTerminationRequest={[Function]}
    onStartShouldSetResponder={[Function]}
    style={
      {
        "alignItems": "center",
        "backgroundColor": "green",
        "borderRadius": 25,
        "flexDirection": "center",
        "height": 50,
        "justifyContent": "center",
        "margin": 40,
        "opacity": 1,
        "padding": 10,
        "width": "80%",
      }
    }
  >
    <Text
      style={
        {
          "color": "white",
          "fontSize": 20,
          "textAlign": "center",
        }
      }
    >
      Calculate
    </Text>
  </View>
  <View
    style={
      {
        "alignItems": "center",
        "backgroundColor": 1,
        "borderWidth": 1,
        "bottom": 0,
        "flex": 1,
        "flexDirection": "row",
        "height": "12%",
        "left": 0,
        "position": "absolute",
        "width": "100%",
      }
    }
  >
    <View
      accessibilityState={
        {
          "busy": undefined,
          "checked": undefined,
          "disabled": undefined,
          "expanded": undefined,
          "selected": undefined,
        }
      }
      accessibilityValue={
        {
          "max": undefined,
          "min": undefined,
          "now": undefined,
          "text": undefined,
        }
      }
      accessible={true}
      collapsable={false}
      focusable={true}
      onClick={[Function]}
      onResponderGrant={[Function]}
      onResponderMove={[Function]}
      onResponderRelease={[Function]}
      onResponderTerminate={[Function]}
      onResponderTerminationRequest={[Function]}
      onStartShouldSetResponder={[Function]}
      style={
        {
          "opacity": 1,
        }
      }
    >
      <Text
        style={
          {
            "color": "blue",
            "fontSize": 20,
            "fontWeight": "bold",
            "height": 100,
            "padding": 37,
            "textAlign": "center",
            "width": 188,
          }
        }
      >
         Swim Menu 
      </Text>
    </View>
    <View
      accessibilityState={
        {
          "busy": undefined,
          "checked": undefined,
          "disabled": undefined,
          "expanded": undefined,
          "selected": undefined,
        }
      }
      accessibilityValue={
        {
          "max": undefined,
          "min": undefined,
          "now": undefined,
          "text": undefined,
        }
      }
      accessible={true}
      collapsable={false}
      focusable={true}
      onClick={[Function]}
      onResponderGrant={[Function]}
      onResponderMove={[Function]}
      onResponderRelease={[Function]}
      onResponderTerminate={[Function]}
      onResponderTerminationRequest={[Function]}
      onStartShouldSetResponder={[Function]}
      style={
        {
          "opacity": 1,
        }
      }
    >
      <Text
        style={
          {
            "fontSize": 20,
            "height": 100,
            "padding": 37,
            "textAlign": "center",
            "width": 188,
          }
        }
      >
         Track Menu 
      </Text>
    </View>
  </View>
</View>
`;
