// Jest Snapshot v1, https://goo.gl/fbAQLP

exports[`ConvertMeterYardResults renders correctly 1`] = `
<View>
  <Text
    style={
      {
        "backgroundColor": "white",
        "borderColor": "black",
        "borderWidth": 1,
        "fontSize": 30,
        "height": 75,
        "marginBottom": 385,
        "marginLeft": 60,
        "marginTop": 200,
        "padding": 18,
        "textAlign": "center",
        "width": 250,
      }
    }
  >
     MM:SS:TH 
  </Text>
  <View
    style={
      {
        "alignItems": "center",
        "flexDirection": "row",
        "height": 20,
        "justifyContent": "space-between",
      }
    }
  >
    <View
      accessibilityState={
        {
          "busy": undefined,
          "checked": undefined,
          "disabled": undefined,
          "expanded": undefined,
          "selected": undefined,
        }
      }
      accessibilityValue={
        {
          "max": undefined,
          "min": undefined,
          "now": undefined,
          "text": undefined,
        }
      }
      accessible={true}
      collapsable={false}
      focusable={true}
      onClick={[Function]}
      onResponderGrant={[Function]}
      onResponderMove={[Function]}
      onResponderRelease={[Function]}
      onResponderTerminate={[Function]}
      onResponderTerminationRequest={[Function]}
      onStartShouldSetResponder={[Function]}
      style={
        {
          "opacity": 1,
        }
      }
    >
      <Text
        style={
          {
            "backgroundColor": "white",
            "borderColor": "black",
            "borderWidth": 1,
            "color": "blue",
            "fontSize": 20,
            "fontWeight": "bold",
            "height": 100,
            "padding": 37,
            "textAlign": "center",
            "width": 188,
          }
        }
      >
         Swim Menu 
      </Text>
    </View>
    <View
      accessibilityState={
        {
          "busy": undefined,
          "checked": undefined,
          "disabled": undefined,
          "expanded": undefined,
          "selected": undefined,
        }
      }
      accessibilityValue={
        {
          "max": undefined,
          "min": undefined,
          "now": undefined,
          "text": undefined,
        }
      }
      accessible={true}
      collapsable={false}
      focusable={true}
      onClick={[Function]}
      onResponderGrant={[Function]}
      onResponderMove={[Function]}
      onResponderRelease={[Function]}
      onResponderTerminate={[Function]}
      onResponderTerminationRequest={[Function]}
      onStartShouldSetResponder={[Function]}
      style={
        {
          "opacity": 1,
        }
      }
    >
      <Text
        style={
          {
            "backgroundColor": "white",
            "borderColor": "black",
            "borderWidth": 1,
            "fontSize": 20,
            "height": 100,
            "padding": 37,
            "textAlign": "center",
            "width": 188,
          }
        }
      >
         Track Menu 
      </Text>
    </View>
  </View>
</View>
`;
