// Jest Snapshot v1, https://goo.gl/fbAQLP

exports[`EffortResults renders correctly 1`] = `
<View>
  <Text
    style={
      {
        "backgroundColor": "white",
        "fontSize": 30,
        "height": 75,
        "marginBottom": 10,
        "marginLeft": 60,
        "marginTop": 60,
        "padding": 18,
        "textAlign": "center",
        "width": 250,
      }
    }
  >
     
    hh:mm:ss
     
  </Text>
  <Text
    style={
      {
        "marginBottom": 30,
        "textAlign": "center",
      }
    }
  >
     min/mile for 
    % 
  </Text>
  <RCTScrollView>
    <View>
      <View
        style={
          {
            "alignItems": "flex-end",
            "borderWidth": 1,
            "flexDirection": "row",
            "justifyContent": "space-between",
            "marginTop": 3,
            "padding": 10,
          }
        }
      >
        <Text
          style={
            {
              "color": "#4f603c",
            }
          }
        >
          65%
        </Text>
        <Text
          style={
            {
              "color": "#4f603c",
            }
          }
        >
          hh:mm:ss
        </Text>
      </View>
      <View
        style={
          {
            "alignItems": "flex-end",
            "borderWidth": 1,
            "flexDirection": "row",
            "justifyContent": "space-between",
            "marginTop": 3,
            "padding": 10,
          }
        }
      >
        <Text
          style={
            {
              "color": "#4f603c",
            }
          }
        >
          70%
        </Text>
        <Text
          style={
            {
              "color": "#4f603c",
            }
          }
        >
          hh:mm:ss
        </Text>
      </View>
      <View
        style={
          {
            "alignItems": "flex-end",
            "borderWidth": 1,
            "flexDirection": "row",
            "justifyContent": "space-between",
            "marginTop": 3,
            "padding": 10,
          }
        }
      >
        <Text
          style={
            {
              "color": "#4f603c",
            }
          }
        >
          75%
        </Text>
        <Text
          style={
            {
              "color": "#4f603c",
            }
          }
        >
          hh:mm:ss
        </Text>
      </View>
      <View
        style={
          {
            "alignItems": "flex-end",
            "borderWidth": 1,
            "flexDirection": "row",
            "justifyContent": "space-between",
            "marginTop": 3,
            "padding": 10,
          }
        }
      >
        <Text
          style={
            {
              "color": "#4f603c",
            }
          }
        >
          80%
        </Text>
        <Text
          style={
            {
              "color": "#4f603c",
            }
          }
        >
          hh:mm:ss
        </Text>
      </View>
      <View
        style={
          {
            "alignItems": "flex-end",
            "borderWidth": 1,
            "flexDirection": "row",
            "justifyContent": "space-between",
            "marginTop": 3,
            "padding": 10,
          }
        }
      >
        <Text
          style={
            {
              "color": "#4f603c",
            }
          }
        >
          85%
        </Text>
        <Text
          style={
            {
              "color": "#4f603c",
            }
          }
        >
          hh:mm:ss
        </Text>
      </View>
      <View
        style={
          {
            "alignItems": "flex-end",
            "borderWidth": 1,
            "flexDirection": "row",
            "justifyContent": "space-between",
            "marginTop": 3,
            "padding": 10,
          }
        }
      >
        <Text
          style={
            {
              "color": "#4f603c",
            }
          }
        >
          90%
        </Text>
        <Text
          style={
            {
              "color": "#4f603c",
            }
          }
        >
          hh:mm:ss
        </Text>
      </View>
      <View
        style={
          {
            "alignItems": "flex-end",
            "borderWidth": 1,
            "flexDirection": "row",
            "justifyContent": "space-between",
            "marginTop": 3,
            "padding": 10,
          }
        }
      >
        <Text
          style={
            {
              "color": "#4f603c",
            }
          }
        >
          95%
        </Text>
        <Text
          style={
            {
              "color": "#4f603c",
            }
          }
        >
          hh:mm:ss
        </Text>
      </View>
      <View
        style={
          {
            "alignItems": "flex-end",
            "borderWidth": 1,
            "flexDirection": "row",
            "justifyContent": "space-between",
            "marginTop": 3,
            "padding": 10,
          }
        }
      >
        <Text
          style={
            {
              "color": "#4f603c",
            }
          }
        >
          96%
        </Text>
        <Text
          style={
            {
              "color": "#4f603c",
            }
          }
        >
          hh:mm:ss
        </Text>
      </View>
      <View
        style={
          {
            "alignItems": "flex-end",
            "borderWidth": 1,
            "flexDirection": "row",
            "justifyContent": "space-between",
            "marginTop": 3,
            "padding": 10,
          }
        }
      >
        <Text
          style={
            {
              "color": "#4f603c",
            }
          }
        >
          97%
        </Text>
        <Text
          style={
            {
              "color": "#4f603c",
            }
          }
        >
          hh:mm:ss
        </Text>
      </View>
      <View
        style={
          {
            "alignItems": "flex-end",
            "borderWidth": 1,
            "flexDirection": "row",
            "justifyContent": "space-between",
            "marginTop": 3,
            "padding": 10,
          }
        }
      >
        <Text
          style={
            {
              "color": "#4f603c",
            }
          }
        >
          98%
        </Text>
        <Text
          style={
            {
              "color": "#4f603c",
            }
          }
        >
          hh:mm:ss
        </Text>
      </View>
      <View
        style={
          {
            "alignItems": "flex-end",
            "borderWidth": 1,
            "flexDirection": "row",
            "justifyContent": "space-between",
            "marginTop": 3,
            "padding": 10,
          }
        }
      >
        <Text
          style={
            {
              "color": "#4f603c",
            }
          }
        >
          99%
        </Text>
        <Text
          style={
            {
              "color": "#4f603c",
            }
          }
        >
          hh:mm:ss
        </Text>
      </View>
      <View
        style={
          {
            "alignItems": "flex-end",
            "borderWidth": 1,
            "flexDirection": "row",
            "justifyContent": "space-between",
            "marginTop": 3,
            "padding": 10,
          }
        }
      >
        <Text
          style={
            {
              "color": "#4f603c",
            }
          }
        >
          100%
        </Text>
        <Text
          style={
            {
              "color": "#4f603c",
            }
          }
        >
          hh:mm:ss
        </Text>
      </View>
      <View
        style={
          {
            "alignItems": "flex-end",
            "borderWidth": 1,
            "flexDirection": "row",
            "justifyContent": "space-between",
            "marginTop": 3,
            "padding": 10,
          }
        }
      >
        <Text
          style={
            {
              "color": "#4f603c",
            }
          }
        >
          105%
        </Text>
        <Text
          style={
            {
              "color": "#4f603c",
            }
          }
        >
          hh:mm:ss
        </Text>
      </View>
      <View
        style={
          {
            "alignItems": "flex-end",
            "borderWidth": 1,
            "flexDirection": "row",
            "justifyContent": "space-between",
            "marginTop": 3,
            "padding": 10,
          }
        }
      >
        <Text
          style={
            {
              "color": "#4f603c",
            }
          }
        >
          110%
        </Text>
        <Text
          style={
            {
              "color": "#4f603c",
            }
          }
        >
          hh:mm:ss
        </Text>
      </View>
      <View
        style={
          {
            "alignItems": "flex-end",
            "borderWidth": 1,
            "flexDirection": "row",
            "justifyContent": "space-between",
            "marginTop": 3,
            "padding": 10,
          }
        }
      >
        <Text
          style={
            {
              "color": "#4f603c",
            }
          }
        >
          115%
        </Text>
        <Text
          style={
            {
              "color": "#4f603c",
            }
          }
        >
          hh:mm:ss
        </Text>
      </View>
      <View
        style={
          {
            "alignItems": "flex-end",
            "borderWidth": 1,
            "flexDirection": "row",
            "justifyContent": "space-between",
            "marginTop": 3,
            "padding": 10,
          }
        }
      >
        <Text
          style={
            {
              "color": "#4f603c",
            }
          }
        >
          120%
        </Text>
        <Text
          style={
            {
              "color": "#4f603c",
            }
          }
        >
          hh:mm:ss
        </Text>
      </View>
    </View>
  </RCTScrollView>
</View>
`;
