// Jest Snapshot v1, https://goo.gl/fbAQLP

exports[`HundredProjectionInfoEntry renders correctly 1`] = `
<View
  accessibilityState={
    {
      "busy": undefined,
      "checked": undefined,
      "disabled": undefined,
      "expanded": undefined,
      "selected": undefined,
    }
  }
  accessible={false}
  focusable={true}
  onClick={[Function]}
  onResponderGrant={[Function]}
  onResponderMove={[Function]}
  onResponderRelease={[Function]}
  onResponderTerminate={[Function]}
  onResponderTerminationRequest={[Function]}
  onStartShouldSetResponder={[Function]}
  style={
    {
      "alignItems": "center",
      "flex": 1,
      "paddingTop": 125,
    }
  }
>
  <View
    style={
      {
        "borderColor": "grey",
        "borderRadius": 10,
        "borderWidth": 1,
        "flexDirection": "row",
        "height": "20%",
        "justifyContent": "space-between",
        "marginBottom": 20,
        "padding": 20,
        "width": "50%",
      }
    }
  >
    <TextInput
      keyboardType="number-pad"
      onChangeText={[Function]}
      placeholder="MM"
      placeholderTextColor="grey"
      style={
        {
          "color": "grey",
          "fontSize": 30,
        }
      }
      value={0}
    />
    <Text
      marginTop="12%"
      style={
        {
          "color": "grey",
          "fontSize": 30,
        }
      }
    >
      :
    </Text>
    <TextInput
      keyboardType="number-pad"
      onChangeText={[Function]}
      placeholder="SS"
      placeholderTextColor="grey"
      style={
        {
          "color": "grey",
          "fontSize": 30,
        }
      }
      value={0}
    />
    <Text
      marginTop="14%"
      style={
        {
          "color": "grey",
          "fontSize": 30,
        }
      }
    >
      .
    </Text>
    <TextInput
      keyboardType="number-pad"
      onChangeText={[Function]}
      placeholder="TH"
      placeholderTextColor="grey"
      style={
        {
          "color": "grey",
          "fontSize": 30,
        }
      }
      value={0}
    />
  </View>
  <Text
    style={
      {
        "color": "gray",
      }
    }
  >
    Average of 6x100s
  </Text>
  <View
    accessibilityState={
      {
        "busy": undefined,
        "checked": undefined,
        "disabled": undefined,
        "expanded": undefined,
        "selected": undefined,
      }
    }
    accessibilityValue={
      {
        "max": undefined,
        "min": undefined,
        "now": undefined,
        "text": undefined,
      }
    }
    accessible={true}
    collapsable={false}
    focusable={true}
    onClick={[Function]}
    onResponderGrant={[Function]}
    onResponderMove={[Function]}
    onResponderRelease={[Function]}
    onResponderTerminate={[Function]}
    onResponderTerminationRequest={[Function]}
    onStartShouldSetResponder={[Function]}
    style={
      {
        "alignItems": "center",
        "backgroundColor": "green",
        "borderRadius": 25,
        "flexDirection": "center",
        "height": 40,
        "justifyContent": "center",
        "margin": 15,
        "opacity": 1,
        "padding": 10,
      }
    }
  >
    <Text
      style={
        {
          "color": "white",
          "textAlign": "center",
        }
      }
    >
      Calculate
    </Text>
  </View>
  <View
    style={
      {
        "alignItems": "center",
        "bottom": 0,
        "flexDirection": "row",
        "justifyContent": "space-between",
        "position": "absolute",
      }
    }
  >
    <View
      accessibilityState={
        {
          "busy": undefined,
          "checked": undefined,
          "disabled": undefined,
          "expanded": undefined,
          "selected": undefined,
        }
      }
      accessibilityValue={
        {
          "max": undefined,
          "min": undefined,
          "now": undefined,
          "text": undefined,
        }
      }
      accessible={true}
      collapsable={false}
      focusable={true}
      onClick={[Function]}
      onResponderGrant={[Function]}
      onResponderMove={[Function]}
      onResponderRelease={[Function]}
      onResponderTerminate={[Function]}
      onResponderTerminationRequest={[Function]}
      onStartShouldSetResponder={[Function]}
      style={
        {
          "opacity": 1,
        }
      }
    >
      <Text
        style={
          {
            "backgroundColor": "white",
            "borderColor": "black",
            "borderWidth": 1,
            "color": "blue",
            "fontSize": 20,
            "fontWeight": "bold",
            "height": 100,
            "padding": 37,
            "textAlign": "center",
            "width": 188,
          }
        }
      >
         Swim Menu 
      </Text>
    </View>
    <View
      accessibilityState={
        {
          "busy": undefined,
          "checked": undefined,
          "disabled": undefined,
          "expanded": undefined,
          "selected": undefined,
        }
      }
      accessibilityValue={
        {
          "max": undefined,
          "min": undefined,
          "now": undefined,
          "text": undefined,
        }
      }
      accessible={true}
      collapsable={false}
      focusable={true}
      onClick={[Function]}
      onResponderGrant={[Function]}
      onResponderMove={[Function]}
      onResponderRelease={[Function]}
      onResponderTerminate={[Function]}
      onResponderTerminationRequest={[Function]}
      onStartShouldSetResponder={[Function]}
      style={
        {
          "opacity": 1,
        }
      }
    >
      <Text
        style={
          {
            "backgroundColor": "white",
            "borderColor": "black",
            "borderWidth": 1,
            "fontSize": 20,
            "height": 100,
            "padding": 37,
            "textAlign": "center",
            "width": 188,
          }
        }
      >
         Track Menu 
      </Text>
    </View>
  </View>
  <View>
    <Text
      style={
        {
          "backgroundColor": "white",
          "fontSize": 30,
          "height": 75,
          "marginBottom": 10,
          "marginTop": 60,
          "padding": 18,
          "textAlign": "center",
          "width": 250,
        }
      }
    />
    <Text
      style={
        {
          "marginBottom": 30,
          "textAlign": "center",
        }
      }
    >
      (100yd Race-Projection)
    </Text>
  </View>
</View>
`;
