// Jest Snapshot v1, https://goo.gl/fbAQLP

exports[`SplitsResults renders correctly 1`] = `
<View>
  <Text
    style={
      {
        "backgroundColor": "white",
        "fontSize": 30,
        "height": 75,
        "marginBottom": 10,
        "marginLeft": 60,
        "marginTop": 60,
        "padding": 18,
        "textAlign": "center",
        "width": 250,
      }
    }
  >
     
    hh:mm:ss
     
  </Text>
  <Text
    style={
      {
        "marginBottom": 10,
        "textAlign": "center",
      }
    }
  >
     For 
    m (
    NaN
     times) 
  </Text>
  <Text
    style={
      {
        "marginBottom": 30,
        "textAlign": "center",
      }
    }
  >
     
    hh:mm:ss
     for remaining 
    NaN
    m 
  </Text>
  <RCTScrollView
    style={
      {
        "borderBottomWidth": 0,
        "borderColor": "grey",
        "borderWidth": 0.5,
      }
    }
  >
    <View>
      <View
        style={
          {
            "alignItems": "flex-end",
            "borderBottomColor": "grey",
            "borderBottomWidth": 0.5,
            "flexDirection": "row",
            "justifyContent": "space-between",
            "marginTop": 3,
            "padding": 10,
          }
        }
      >
        <Text
          style={
            {
              "color": "black",
              "fontSize": 15,
            }
          }
        >
            
          400m
        </Text>
        <Text
          style={
            {
              "color": "black",
              "fontSize": 15,
            }
          }
        >
          hh:mm:ss
            
        </Text>
      </View>
      <View
        style={
          {
            "alignItems": "flex-end",
            "borderBottomColor": "grey",
            "borderBottomWidth": 0.5,
            "flexDirection": "row",
            "justifyContent": "space-between",
            "marginTop": 3,
            "padding": 10,
          }
        }
      >
        <Text
          style={
            {
              "color": "black",
              "fontSize": 15,
            }
          }
        >
            
          600m
        </Text>
        <Text
          style={
            {
              "color": "black",
              "fontSize": 15,
            }
          }
        >
          hh:mm:ss
            
        </Text>
      </View>
      <View
        style={
          {
            "alignItems": "flex-end",
            "borderBottomColor": "grey",
            "borderBottomWidth": 0.5,
            "flexDirection": "row",
            "justifyContent": "space-between",
            "marginTop": 3,
            "padding": 10,
          }
        }
      >
        <Text
          style={
            {
              "color": "black",
              "fontSize": 15,
            }
          }
        >
            
          800m
        </Text>
        <Text
          style={
            {
              "color": "black",
              "fontSize": 15,
            }
          }
        >
          hh:mm:ss
            
        </Text>
      </View>
      <View
        style={
          {
            "alignItems": "flex-end",
            "borderBottomColor": "grey",
            "borderBottomWidth": 0.5,
            "flexDirection": "row",
            "justifyContent": "space-between",
            "marginTop": 3,
            "padding": 10,
          }
        }
      >
        <Text
          style={
            {
              "color": "black",
              "fontSize": 15,
            }
          }
        >
            
          1000m
        </Text>
        <Text
          style={
            {
              "color": "black",
              "fontSize": 15,
            }
          }
        >
          hh:mm:ss
            
        </Text>
      </View>
      <View
        style={
          {
            "alignItems": "flex-end",
            "borderBottomColor": "grey",
            "borderBottomWidth": 0.5,
            "flexDirection": "row",
            "justifyContent": "space-between",
            "marginTop": 3,
            "padding": 10,
          }
        }
      >
        <Text
          style={
            {
              "color": "black",
              "fontSize": 15,
            }
          }
        >
            
          1200m
        </Text>
        <Text
          style={
            {
              "color": "black",
              "fontSize": 15,
            }
          }
        >
          hh:mm:ss
            
        </Text>
      </View>
      <View
        style={
          {
            "alignItems": "flex-end",
            "borderBottomColor": "grey",
            "borderBottomWidth": 0.5,
            "flexDirection": "row",
            "justifyContent": "space-between",
            "marginTop": 3,
            "padding": 10,
          }
        }
      >
        <Text
          style={
            {
              "color": "black",
              "fontSize": 15,
            }
          }
        >
            
          1600m
        </Text>
        <Text
          style={
            {
              "color": "black",
              "fontSize": 15,
            }
          }
        >
          hh:mm:ss
            
        </Text>
      </View>
      <View
        style={
          {
            "alignItems": "flex-end",
            "borderBottomColor": "grey",
            "borderBottomWidth": 0.5,
            "flexDirection": "row",
            "justifyContent": "space-between",
            "marginTop": 3,
            "padding": 10,
          }
        }
      >
        <Text
          style={
            {
              "color": "black",
              "fontSize": 15,
            }
          }
        >
            
          1609m (mile)
        </Text>
        <Text
          style={
            {
              "color": "black",
              "fontSize": 15,
            }
          }
        >
          hh:mm:ss
            
        </Text>
      </View>
      <View
        style={
          {
            "alignItems": "flex-end",
            "borderBottomColor": "grey",
            "borderBottomWidth": 0.5,
            "flexDirection": "row",
            "justifyContent": "space-between",
            "marginTop": 3,
            "padding": 10,
          }
        }
      >
        <Text
          style={
            {
              "color": "black",
              "fontSize": 15,
            }
          }
        >
            
          3000m
        </Text>
        <Text
          style={
            {
              "color": "black",
              "fontSize": 15,
            }
          }
        >
          hh:mm:ss
            
        </Text>
      </View>
      <View
        style={
          {
            "alignItems": "flex-end",
            "borderBottomColor": "grey",
            "borderBottomWidth": 0.5,
            "flexDirection": "row",
            "justifyContent": "space-between",
            "marginTop": 3,
            "padding": 10,
          }
        }
      >
        <Text
          style={
            {
              "color": "black",
              "fontSize": 15,
            }
          }
        >
            
          3200m
        </Text>
        <Text
          style={
            {
              "color": "black",
              "fontSize": 15,
            }
          }
        >
          hh:mm:ss
            
        </Text>
      </View>
      <View
        style={
          {
            "alignItems": "flex-end",
            "borderBottomColor": "grey",
            "borderBottomWidth": 0.5,
            "flexDirection": "row",
            "justifyContent": "space-between",
            "marginTop": 3,
            "padding": 10,
          }
        }
      >
        <Text
          style={
            {
              "color": "black",
              "fontSize": 15,
            }
          }
        >
            
          5000m
        </Text>
        <Text
          style={
            {
              "color": "black",
              "fontSize": 15,
            }
          }
        >
          hh:mm:ss
            
        </Text>
      </View>
      <View
        style={
          {
            "alignItems": "flex-end",
            "borderBottomColor": "grey",
            "borderBottomWidth": 0.5,
            "flexDirection": "row",
            "justifyContent": "space-between",
            "marginTop": 3,
            "padding": 10,
          }
        }
      >
        <Text
          style={
            {
              "color": "black",
              "fontSize": 15,
            }
          }
        >
            
          10000m
        </Text>
        <Text
          style={
            {
              "color": "black",
              "fontSize": 15,
            }
          }
        >
          hh:mm:ss
            
        </Text>
      </View>
    </View>
  </RCTScrollView>
</View>
`;
